2 09/10/2021 "Default description" 17:00:27 "gquerret"
.
4 "returnValue /tmp/pctinit149762366.p" "" 0 38 ""
3 "test2.p" "" 11619 0 ""
2 "test.p" "" 20667 0 ""
1 "/tmp/pctinit149762366.p" "" 45099 0 ""
.
0 0 1 1
2 3 3 1
1 25 2 1
1 36 4 1
.
0 0 1 0.000000 0.002801
1 0 1 0.001490 0.002801
2 3 1 0.000106 0.000170
2 0 1 0.000010 0.000197
3 1 1 0.000044 0.000044
3 0 1 0.000020 0.000064
2 1 1 0.000015 0.000015
4 0 1 0.000016 0.000806
2 5 1 0.000002 0.000002
1 13 1 0.000006 0.000006
1 12 1 0.000061 0.000061
1 15 1 0.000002 0.000002
1 14 1 0.000003 0.000003
1 17 1 0.000002 0.000002
1 18 1 0.000002 0.000002
1 25 1 0.000215 0.000412
1 24 1 0.000001 0.000001
1 33 1 0.000003 0.000003
1 32 1 0.000001 0.000001
1 35 1 0.000001 0.000001
1 34 1 0.000002 0.000002
1 37 1 0.000001 0.000001
1 36 1 0.000008 0.000814
4 44 1 0.000002 0.000002
4 40 1 0.000026 0.000026
4 41 1 0.000736 0.000736
4 42 1 0.000010 0.000010
4 43 1 0.000016 0.000016
.
.
.
1 84 1 "ENTRY" 
1 195 1 "RETVAL" 
1 302 2 "VALOBJ" 
1 0 1 "+" 
1 10002 1 "BLOCK HEADER  " 
1 10003 1 "QUIT          " 
1 15 2 "=" 
1 30 1 "INTEGER" 
1 34 7 "EFMX" 
1 10135 1 "EXPRESSN STMT " 
1 137 1 "PATH" 
1 37 4 "ECONST" 
1 10036 1 "TY_ASGNODBFLD " 
1 10047 2 "RUN           " 
1 152 3 "ELIT" 
1 10155 7 "IF STMT " 
1 10156 1 "SIMPLE ASSIGN STMT " 
1 157 1 "EWDAX" 
1 58 1 "RETRY" 
1 159 1 "EUSYSH" 
2 10079 1 "TY_BRE        " 
2 10135 1 "EXPRESSN STMT " 
2 37 1 "ECONST" 
2 10047 1 "RUN           " 
2 152 2 "ELIT" 
2 157 1 "EWDAX" 
3 10009 1 "MESSAGE       " 
3 152 1 "ELIT" 
4 10080 1 "IN/OUT CLOSE  " 
4 10081 1 "TY_IOPRT      " 
4 10006 1 "SEND/GET      " 
4 34 2 "EFMX" 
4 152 2 "ELIT" 
4 10155 1 "IF STMT " 
.
1  0.0  6.0  1.0  2.0  1.0  2.0  2.0  2.0  2.0  0.0  0.0  0.0  0.0  0.0  0.0  0.0  0.0  0.0  1248.0  1936.0  3504.0  460.0 
2  0.0  0.0  0.0  0.0  0.0  0.0  0.0  0.0  0.0  0.0  0.0  0.0  0.0  0.0  0.0  0.0  0.0  0.0  352.0  120.0  296.0   28.0 
3  0.0  0.0  0.0  0.0  0.0  0.0  0.0  0.0  0.0  0.0  0.0  0.0  0.0  0.0  0.0  0.0  0.0  0.0  352.0   32.0  256.0   10.0 
4  0.0  0.0  0.0  0.0  0.0  0.0  0.0  0.0  0.0  0.0  0.0  0.0  0.0  1.0  0.0  0.0  0.0  0.0    0.0    0.0  688.0    0.0 
.
0 5 0 0 
1  1  
2  1  
3  1  
4  1  
.
0 0 "-pf /opt/dlc-11.7/startup.pf,-cpinternal ISO8859-1,-cpstream ISO8859-1,-cpcoll Basic,-cpcase Basic,-d dmy,-numsep 46,-numdec 44,(end .pf),-b,-q,-profile /tmp/prof267168364.pf,-p /tmp/pctinit149762366.p" 
.
0.812747 "User data in profiler"
.
