3 11/06/2019 "Default description" 09:24:27 "" {"StmtCnt":392,"DataPts":812,"NumWrites":0,"TotTime":0.037485,"BufferSize":61440,"Directory":"Z:\jenkins-public\Windows-Node2\workspace\PCT_No117@4\testbox\PCTLoadData\test9\","Propath":"","Propath":"C:\Windows\TEMP\pct188234455.pl,.,Z:\Progress\OpenEdge-12.1\tty,Z:\Progress\OpenEdge-12.1\tty\ablunit.pl,Z:\Progress\OpenEdge-12.1\tty\adecomm.pl,Z:\Progress\OpenEdge-12.1\tty\adecomp.pl,Z:\Progress\OpenEdge-12.1\tty\adeedit.pl,Z:\Progress\OpenEdge-12.1\tty\adeshar.pl,Z:\Progress\OpenEdge-12.1\tty\dataadmin.pl,Z:\Progress\OpenEdge-12.1\tty\OpenEdge.BusinessLogic.pl,Z:\Progress\OpenEdge-12.1\tty\OpenEdge.Core.pl,Z:\Progress\OpenEdge-12.1\tty\OpenEdge.ServerAdmin.pl,Z:\Progress\OpenEdge-12.1\tty\prodict.pl,Z:\Progress\OpenEdge-12.1,Z:\Progress\OpenEdge-12.1\bin"}
.
2 "pct/v12/loadData2.p" "" 22447 0 ""
3 "getParameter C:\Windows\TEMP\pctinit182081009.p" "" 0 7 ""
11 "rssw.pct.LoadDataLogger" "" 9882 0 ""
17 "AddTableError rssw.pct.LoadDataLogger rssw.pct.LoadDataLogger" "" 0 194 ""
5 "rssw.pct.BackupDataCallback" "" 51638 0 ""
19 "getErrors rssw.pct.LoadDataLogger rssw.pct.LoadDataLogger" "" 0 179 ""
12 "LoadDataLogger rssw.pct.LoadDataLogger" "" 0 0 ""
21 "pct/v12/restoreTableContent.p" "" 35489 0 ""
22 "returnValue C:\Windows\TEMP\pctinit182081009.p" "" 0 53 ""
13 "beforeLoad rssw.pct.BackupDataCallback MyLogger" "" 0 29 ""
20 "afterLoad rssw.pct.BackupDataCallback MyLogger" "" 0 38 ""
7 "MyLogger MyLogger MyLogger" "" 0 9 ""
4 "rssw.pct.AbstractLoadDataCallback" "" 45206 0 ""
9 "AbstractLoadDataCallback rssw.pct.AbstractLoadDataCallback" "" 0 0 ""
6 "MyLogger" "" 62575 0 ""
18 "afterLoad MyLogger MyLogger" "" 0 3 ""
14 "backupTable rssw.pct.BackupDataCallback MyLogger" "" 0 53 ""
16 "StartTable rssw.pct.LoadDataLogger rssw.pct.LoadDataLogger" "" 0 141 ""
10 "initialize rssw.pct.BackupDataCallback MyLogger" "" 0 24 ""
1 "C:\Windows\TEMP\pctinit182081009.p" "" 35307 0 ""
15 "exportRecord rssw.pct.BackupDataCallback MyLogger" "" 0 83 ""
8 "BackupDataCallback rssw.pct.BackupDataCallback MyLogger" "" 0 151 ""
.
16 142 3 1
17 199 3 1
2 577 3 1
2 576 3 1
2 579 5 1
2 579 4 1
2 579 7 1
2 579 6 1
2 580 10 1
2 599 12 1
18 0 19 1
2 603 3 4
2 0 3 2
8 0 9 1
0 0 1 1
18 5 20 1
2 599 11 1
2 0 13 1
7 0 8 1
2 0 18 1
2 610 16 1
2 610 17 1
13 33 14 1
1 51 22 1
1 40 2 1
20 48 21 1
14 69 15 10
.
16 144 1 0.000000 0.000000
15 147 10 0.000005 0.000005
15 146 10 0.000026 0.000026
16 142 1 0.000022 0.000049
15 145 10 0.000002 0.000002
16 143 1 0.000013 0.000013
19 181 1 0.000000 0.000000
19 180 1 0.000011 0.000011
17 195 1 0.000011 0.000011
17 197 1 0.000004 0.000004
17 199 1 0.000008 0.000034
17 198 1 0.000002 0.000002
17 201 1 0.000008 0.000008
17 200 1 0.000009 0.000009
17 202 1 0.000000 0.000000
0 0 1 0.000000 0.037485
1 0 1 0.005118 0.037485
2 0 1 0.000264 0.014452
3 0 10 0.000068 0.000218
4 0 1 0.000024 0.000024
5 0 1 0.000008 0.000008
6 0 1 0.000004 0.000004
7 0 1 0.000011 0.000020
8 0 1 0.000009 0.000009
9 0 1 0.000000 0.000000
3 10 10 0.000008 0.000008
10 0 1 0.000008 0.000027
3 9 10 0.000024 0.000024
11 0 1 0.000015 0.000015
3 8 10 0.000118 0.000118
12 0 1 0.000000 0.000000
1 13 1 0.016965 0.016965
13 0 1 0.000006 0.003536
1 12 1 0.000014 0.000014
14 0 1 0.000051 0.003432
15 0 10 0.000099 0.000490
1 14 1 0.000017 0.000017
16 0 1 0.000008 0.000070
10 26 1 0.000005 0.000005
17 0 1 0.000012 0.000080
10 27 1 0.000000 0.000000
18 0 1 0.000533 0.000923
19 0 1 0.000005 0.000016
10 25 1 0.000014 0.000014
18 6 1 0.000000 0.000000
20 0 1 0.000012 0.000355
21 0 1 0.000147 0.000230
22 0 1 0.000006 0.000012
18 4 1 0.000007 0.000007
1 23 1 0.000004 0.000004
18 5 1 0.000012 0.000367
1 22 1 0.000211 0.000211
1 25 1 0.000001 0.000001
1 24 1 0.000001 0.000001
1 27 1 0.000001 0.000001
1 26 1 0.000000 0.000000
1 29 1 0.000002 0.000002
1 28 1 0.000012 0.000012
1 30 1 0.000000 0.000000
1 33 1 0.000003 0.000003
22 55 1 0.000004 0.000004
1 32 1 0.000001 0.000001
20 48 1 0.000065 0.000295
20 49 1 0.000001 0.000001
1 39 1 0.000001 0.000001
20 51 1 0.000000 0.000000
1 40 1 0.000642 0.015094
13 36 1 0.000000 0.000000
13 33 1 0.000011 0.003443
13 32 1 0.000061 0.000061
22 56 1 0.000002 0.000002
1 47 1 0.000000 0.000000
22 57 1 0.000000 0.000000
13 34 1 0.000026 0.000026
1 49 1 0.000002 0.000002
14 62 1 0.000013 0.000013
1 48 1 0.000004 0.000004
14 63 1 0.000067 0.000067
1 51 1 0.000005 0.000017
14 60 1 0.000110 0.000110
1 50 1 0.000001 0.000001
14 61 1 0.000022 0.000022
14 58 1 0.000007 0.000007
1 52 1 0.000001 0.000001
14 59 1 0.000238 0.000238
20 45 1 0.000006 0.000006
20 40 1 0.000016 0.000016
20 41 1 0.000014 0.000014
20 42 1 0.000002 0.000002
20 43 1 0.000009 0.000009
14 78 1 0.000712 0.000712
14 77 1 0.000002 0.000002
14 74 1 0.000015 0.000015
14 75 1 0.000023 0.000023
14 72 11 0.000036 0.000036
14 73 1 0.000004 0.000004
14 70 10 0.000102 0.000102
14 71 10 0.000007 0.000007
14 68 10 0.000023 0.000023
14 69 10 0.000081 0.000571
14 66 11 0.001384 0.001384
14 67 11 0.000019 0.000019
14 64 1 0.000018 0.000018
14 65 11 0.000005 0.000005
15 95 20 0.000146 0.000146
15 92 10 0.000038 0.000038
14 80 1 0.000002 0.000002
14 81 1 0.000001 0.000001
15 101 10 0.000042 0.000042
15 97 10 0.000021 0.000021
15 126 10 0.000002 0.000002
15 125 10 0.000026 0.000026
15 118 10 0.000020 0.000020
15 117 10 0.000021 0.000041
15 114 10 0.000024 0.000024
15 113 10 0.000018 0.000018
21 567 1 0.000025 0.000025
21 573 1 0.000027 0.000027
21 568 1 0.000010 0.000010
21 571 1 0.000008 0.000008
2 570 1 0.000006 0.000006
2 571 1 0.000001 0.000001
2 578 1 0.000006 0.000006
2 579 1 0.006394 0.006450
2 576 1 0.000034 0.000076
2 577 1 0.000006 0.000022
2 583 1 0.000032 0.000032
2 580 1 0.000009 0.000036
2 581 1 0.000001 0.000001
2 587 1 0.000011 0.000011
2 584 1 0.000019 0.000019
2 588 1 0.000002 0.000002
21 580 1 0.000013 0.000013
2 599 1 0.000030 0.000045
2 602 1 0.000002 0.000002
2 603 1 0.000026 0.000087
2 600 1 0.000003 0.000003
2 610 1 0.002710 0.002860
2 611 1 0.000004 0.000004
2 614 1 0.000005 0.000005
2 615 1 0.000002 0.000002
2 619 1 0.000001 0.000001
2 616 1 0.000001 0.000001
2 -2 1 0.000011 0.000011
1 -2 1 0.000015 0.000015
.
.
2 "" 34
570
571
572
573
574
576
577
578
579
580
581
583
584
587
588
589
590
591
592
593
594
595
596
599
600
602
603
610
611
614
615
616
618
619
.
11 "AddSharedTables" 1
123
.
11 "AddGroupTables" 1
127
.
11 "AddTenantTables" 1
131
.
11 "Export" 1
135
.
11 "StartTable" 3
142
143
144
.
11 "EndTable" 3
147
148
149
.
11 "EndTable" 16
155
156
157
160
161
162
163
164
165
166
167
168
169
170
171
173
.
11 "CountRow" 1
177
.
11 "getErrors" 2
180
181
.
11 "AddTableError" 5
187
188
189
190
191
.
11 "AddTableError" 7
195
197
198
199
200
201
202
.
11 "SetTableExpectedNumRows" 2
206
207
.
11 "SetTableBailed" 4
212
213
214
215
.
11 "EndTask" 1
219
.
11 "BindFiles" 1
223
.
11 "AddCDCPolicies" 1
227
.
11 "AddPolicyError" 1
231
.
11 "AddPolicyError" 1
235
.
11 "EndPolicy" 1
239
.
11 "EndPolicy" 1
243
.
11 "SetPolicyBailed" 1
247
.
11 "CountCDCRow" 1
251
.
5 "initialize" 3
25
26
27
.
5 "beforeLoad" 4
32
33
34
36
.
5 "afterLoad" 10
40
41
42
43
44
45
46
48
49
51
.
5 "backupTable" 22
58
59
60
61
62
63
64
65
66
67
68
69
70
71
72
73
74
75
77
78
80
81
.
5 "exportRecord" 42
92
93
95
97
101
102
103
104
105
106
107
108
109
110
111
113
114
117
118
119
121
122
123
125
126
127
128
129
130
133
134
135
137
138
139
141
142
143
144
145
146
147
.
5 "BackupDataCallback" 1
0
.
21 "" 5
567
568
571
573
580
.
4 "initialize" 1
19
.
4 "onError" 1
20
.
4 "beforePurge" 1
21
.
4 "afterPurge" 1
22
.
4 "beforeSequenceValuesBackup" 1
23
.
4 "afterSequenceValuesBackup" 1
24
.
4 "beforeLoad" 1
25
.
4 "afterLoad" 1
26
.
6 "afterLoad" 3
4
5
6
.
6 "MyLogger" 1
0
.
1 "getParameter" 3
8
9
10
.
1 "returnValue" 3
55
56
57
.
1 "writeOutputParam" 5
61
62
63
64
65
.
1 "" 40
12
13
14
15
16
17
18
19
20
21
22
23
24
25
26
27
28
29
30
32
33
34
35
36
37
38
39
40
41
42
43
44
45
46
47
48
49
50
51
52
.
.
0 0 0 0 1 0.037485 1
1 0 1 0 1 0.037485 2 27
2 1 2 40 1 0.014452 3 4 5 6 7 8 11 12 13 14 15 18 19 21 23
3 2 3 576 1 0.000042
4 2 3 577 1 0.000016
5 2 4 579 1 0.000024
6 2 5 579 1 0.000008
7 2 6 579 1 0.000004
8 2 7 579 1 0.000020 9
9 8 8 0 1 0.000009 10
10 9 9 0 1 0.000000
11 2 10 580 1 0.000027
12 2 11 599 1 0.000015
13 2 12 599 1 0.000000
14 2 3 0 2 0.000046
15 2 13 0 1 0.003536 16
16 15 14 33 1 0.003432 17
17 16 15 69 10 0.000490
18 2 3 603 4 0.000061
19 2 16 610 1 0.000070 20
20 19 3 142 1 0.000027
21 2 17 610 1 0.000080 22
22 21 3 199 1 0.000026
23 2 18 0 1 0.000923 24 25
24 23 19 0 1 0.000016
25 23 20 5 1 0.000355 26
26 25 21 48 1 0.000230
27 1 22 51 1 0.000012
.
.
