1 11/06/2019 "Default description" 09:19:22 "SYSTEM"
.
5 "rssw.pct.BackupDataCallback" "" 51638 0 ""
8 "BackupDataCallback rssw.pct.BackupDataCallback" "" 0 151 ""
18 "afterLoad rssw.pct.BackupDataCallback" "" 0 38 ""
4 "rssw.pct.AbstractLoadDataCallback" "" 45206 0 ""
6 "MyLogger" "" 62575 0 ""
11 "beforeLoad rssw.pct.BackupDataCallback" "" 0 29 ""
17 "getErrors rssw.pct.LoadDataLogger" "" 0 179 ""
2 "pct/v11/loadData2-117.p" "" 19106 0 ""
19 "pct/v11/restoreTableContent117.p" "" 24683 0 ""
12 "backupTable rssw.pct.BackupDataCallback" "" 0 53 ""
15 "AddTableError rssw.pct.LoadDataLogger" "" 0 194 ""
3 "getParameter C:\Windows\TEMP\pctinit215745687.p" "" 0 7 ""
16 "afterLoad MyLogger" "" 0 3 ""
7 "MyLogger MyLogger" "" 0 9 ""
14 "StartTable rssw.pct.LoadDataLogger" "" 0 141 ""
13 "exportRecord rssw.pct.BackupDataCallback" "" 0 83 ""
9 "initialize rssw.pct.BackupDataCallback" "" 0 24 ""
1 "C:\Windows\TEMP\pctinit215745687.p" "" 63959 0 ""
20 "returnValue C:\Windows\TEMP\pctinit215745687.p" "" 0 53 ""
10 "rssw.pct.LoadDataLogger" "" 9882 0 ""
.
2 577 3 1
2 576 3 1
2 579 5 1
2 579 4 1
2 579 7 1
2 579 6 1
2 580 9 1
16 0 17 1
2 603 3 4
2 0 3 2
0 0 1 1
2 599 10 1
16 5 18 1
2 0 11 1
7 0 8 1
2 0 16 1
2 610 14 1
2 610 15 1
1 51 20 1
11 33 12 1
1 40 2 1
18 46 19 1
12 69 13 10
14 142 3 1
15 199 3 1
.
0 0 1 0.000000 0.051830
1 0 1 0.003064 0.051830
2 0 1 0.000290 0.016348
3 0 10 0.000078 0.000277
4 0 1 0.000039 0.000039
5 0 1 0.000027 0.000027
6 0 1 0.000017 0.000017
7 0 1 0.000033 0.000067
8 0 1 0.000034 0.000034
9 0 1 0.000008 0.000061
3 10 10 0.000008 0.000008
10 0 1 0.000049 0.000049
3 9 10 0.000024 0.000024
11 0 1 0.000008 0.004069
3 8 10 0.000167 0.000167
12 0 1 0.000049 0.003943
1 13 1 0.030815 0.030815
13 0 10 0.000093 0.000475
1 12 1 0.000026 0.000026
14 0 1 0.000009 0.000125
15 0 1 0.000013 0.000128
1 14 1 0.000017 0.000017
16 0 1 0.000692 0.001184
9 25 1 0.000048 0.000048
17 0 1 0.000004 0.000042
18 0 1 0.000013 0.000399
9 27 1 0.000001 0.000001
19 0 1 0.000151 0.000245
9 26 1 0.000004 0.000004
20 0 1 0.000010 0.000616
16 4 1 0.000038 0.000038
16 5 1 0.000013 0.000412
16 6 1 0.000000 0.000000
1 23 1 0.000004 0.000004
1 22 1 0.000218 0.000218
1 25 1 0.000001 0.000001
1 24 1 0.000001 0.000001
1 27 1 0.000001 0.000001
1 26 1 0.000001 0.000001
1 29 1 0.000003 0.000003
1 28 1 0.000013 0.000013
1 30 1 0.000000 0.000000
1 33 1 0.000003 0.000003
18 51 1 0.000000 0.000000
1 32 1 0.000001 0.000001
20 55 1 0.000014 0.000014
18 49 1 0.000000 0.000000
1 39 1 0.000002 0.000002
1 40 1 0.000680 0.017028
11 34 1 0.000023 0.000023
11 33 1 0.000009 0.003952
11 32 1 0.000086 0.000086
20 56 1 0.000392 0.000392
20 57 1 0.000007 0.000007
20 58 1 0.000192 0.000192
1 47 1 0.000000 0.000000
20 59 1 0.000001 0.000001
11 36 1 0.000000 0.000000
1 49 1 0.000002 0.000002
12 60 1 0.000081 0.000081
1 48 1 0.000005 0.000005
12 61 1 0.000033 0.000033
1 51 1 0.000006 0.000622
12 62 1 0.000013 0.000013
1 50 1 0.000002 0.000002
12 63 1 0.000079 0.000079
1 52 1 0.000001 0.000001
12 58 1 0.000033 0.000033
12 59 1 0.000745 0.000745
18 42 1 0.000002 0.000002
18 43 1 0.000009 0.000009
18 40 1 0.000044 0.000044
18 41 1 0.000014 0.000014
18 46 1 0.000067 0.000312
18 45 1 0.000005 0.000005
12 77 1 0.000003 0.000003
12 78 1 0.000828 0.000828
12 72 11 0.000026 0.000026
12 73 1 0.000004 0.000004
12 74 1 0.000016 0.000016
12 75 1 0.000004 0.000004
12 68 10 0.000019 0.000019
12 69 10 0.000080 0.000555
12 70 10 0.000115 0.000115
12 71 10 0.000024 0.000024
12 64 1 0.000019 0.000019
12 65 11 0.000005 0.000005
12 66 11 0.001270 0.001270
12 67 11 0.000018 0.000018
13 92 10 0.000061 0.000061
13 95 20 0.000107 0.000107
12 80 1 0.000003 0.000003
12 81 1 0.000001 0.000001
13 101 10 0.000042 0.000042
13 97 10 0.000024 0.000024
13 125 10 0.000026 0.000026
13 126 10 0.000004 0.000004
13 117 10 0.000021 0.000041
13 118 10 0.000020 0.000020
13 113 10 0.000019 0.000019
13 114 10 0.000025 0.000025
14 142 1 0.000053 0.000102
14 143 1 0.000014 0.000014
13 145 10 0.000000 0.000000
14 144 1 0.000000 0.000000
13 147 10 0.000005 0.000005
13 146 10 0.000028 0.000028
17 181 1 0.000000 0.000000
17 180 1 0.000038 0.000038
15 202 1 0.000000 0.000000
15 201 1 0.000012 0.000012
15 200 1 0.000010 0.000010
15 199 1 0.000009 0.000039
15 198 1 0.000002 0.000002
15 197 1 0.000003 0.000003
15 195 1 0.000049 0.000049
19 567 1 0.000053 0.000053
19 571 1 0.000009 0.000009
19 568 1 0.000010 0.000010
19 573 1 0.000009 0.000009
2 570 1 0.000031 0.000031
2 571 1 0.000001 0.000001
2 578 1 0.000006 0.000006
2 579 1 0.007214 0.007364
2 576 1 0.000029 0.000099
2 577 1 0.000006 0.000023
2 583 1 0.000067 0.000067
2 580 1 0.000028 0.000089
2 581 1 0.000000 0.000000
2 587 1 0.000016 0.000016
2 584 1 0.000023 0.000023
2 588 1 0.000002 0.000002
2 599 1 0.000041 0.000090
19 580 1 0.000013 0.000013
2 602 1 0.000001 0.000001
2 603 1 0.000025 0.000088
2 600 1 0.000003 0.000003
2 610 1 0.002591 0.002844
2 611 1 0.000003 0.000003
2 614 1 0.000005 0.000005
2 615 1 0.000001 0.000001
2 619 1 0.000001 0.000001
2 616 1 0.000000 0.000000
.
.
5 "initialize" 3
25
26
27
.
5 "beforeLoad" 4
32
33
34
36
.
5 "afterLoad" 10
40
41
42
43
44
45
46
48
49
51
.
5 "backupTable" 22
58
59
60
61
62
63
64
65
66
67
68
69
70
71
72
73
74
75
77
78
80
81
.
5 "exportRecord" 42
92
93
95
97
101
102
103
104
105
106
107
108
109
110
111
113
114
117
118
119
121
122
123
125
126
127
128
129
130
133
134
135
137
138
139
141
142
143
144
145
146
147
.
5 "BackupDataCallback" 1
0
.
4 "initialize" 1
19
.
4 "onError" 1
20
.
4 "beforePurge" 1
21
.
4 "afterPurge" 1
22
.
4 "beforeSequenceValuesBackup" 1
23
.
4 "afterSequenceValuesBackup" 1
24
.
4 "beforeLoad" 1
25
.
4 "afterLoad" 1
26
.
6 "afterLoad" 3
4
5
6
.
6 "MyLogger" 1
0
.
2 "" 34
570
571
572
573
574
576
577
578
579
580
581
583
584
587
588
589
590
591
592
593
594
595
596
599
600
602
603
610
611
614
615
616
618
619
.
19 "" 5
567
568
571
573
580
.
1 "getParameter" 3
8
9
10
.
1 "returnValue" 5
55
56
57
58
59
.
1 "writeOutputParam" 5
63
64
65
66
67
.
1 "" 40
12
13
14
15
16
17
18
19
20
21
22
23
24
25
26
27
28
29
30
32
33
34
35
36
37
38
39
40
41
42
43
44
45
46
47
48
49
50
51
52
.
10 "AddSharedTables" 1
123
.
10 "AddGroupTables" 1
127
.
10 "AddTenantTables" 1
131
.
10 "Export" 1
135
.
10 "StartTable" 3
142
143
144
.
10 "EndTable" 3
147
148
149
.
10 "EndTable" 16
155
156
157
160
161
162
163
164
165
166
167
168
169
170
171
173
.
10 "CountRow" 1
177
.
10 "getErrors" 2
180
181
.
10 "AddTableError" 5
187
188
189
190
191
.
10 "AddTableError" 7
195
197
198
199
200
201
202
.
10 "SetTableExpectedNumRows" 2
206
207
.
10 "SetTableBailed" 4
212
213
214
215
.
10 "EndTask" 1
219
.
10 "BindFiles" 1
223
.
10 "AddCDCPolicies" 1
227
.
10 "AddPolicyError" 1
231
.
10 "AddPolicyError" 1
235
.
10 "EndPolicy" 1
239
.
10 "EndPolicy" 1
243
.
10 "SetPolicyBailed" 1
247
.
10 "CountCDCRow" 1
251
.
.
.
