4 09/10/2021 "Default description" 16:59:51 "" {"StmtCnt":25,"DataPts":54,"NumWrites":0,"TotTime":0.005348,"BufferSize":61440,"Directory":"/home/gquerret/dev/pct/testbox/PCTRun/test49/","Propath":"/tmp/pct168925988.pl,,/opt/dlc-12.2/tty,/opt/dlc-12.2/tty/OpenEdge.Core.pl,/opt/dlc-12.2/tty/dataadmin.pl,/opt/dlc-12.2/tty/ablunit.pl,/opt/dlc-12.2/tty/adeshar.pl,/opt/dlc-12.2/tty/adeedit.pl,/opt/dlc-12.2/tty/adecomm.pl,/opt/dlc-12.2/tty/prodict.pl,/opt/dlc-12.2/tty/adecomp.pl,/opt/dlc-12.2,/opt/dlc-12.2/bin"}
.
2 "test.p" "" 20667 0 ""
4 "returnValue /tmp/pctinit153732370.p" "" 0 38 ""
1 "/tmp/pctinit153732370.p" "" 24866 0 ""
3 "test2.p" "" 11619 0 ""
.
0 0 1 1
2 3 3 1
1 25 2 1
1 36 4 1
.
0 0 1 0.000000 0.005348
1 0 1 0.004925 0.005348
2 3 1 0.000062 0.000093
2 0 1 0.000007 0.000113
3 1 1 0.000015 0.000015
3 0 1 0.000016 0.000031
2 1 1 0.000011 0.000011
4 0 1 0.000010 0.000017
2 5 1 0.000002 0.000002
1 13 1 0.000010 0.000010
1 12 1 0.000039 0.000039
1 15 1 0.000001 0.000001
1 14 1 0.000002 0.000002
1 17 1 0.000002 0.000002
1 18 1 0.000002 0.000002
1 25 1 0.000223 0.000336
1 24 1 0.000002 0.000002
1 33 1 0.000003 0.000003
1 32 1 0.000001 0.000001
1 35 1 0.000001 0.000001
1 34 1 0.000001 0.000001
1 37 1 0.000001 0.000001
1 36 1 0.000005 0.000022
4 40 1 0.000003 0.000003
4 41 1 0.000004 0.000004
4 42 1 0.000000 0.000000
.
.
.
1 10135 1 "EXPRESSN STMT " 
1 137 1 "PATH" 
1 84 1 "ENTRY" 
1 152 3 "ELIT" 
1 302 2 "VALOBJ" 
1 0 1 "+" 
1 10155 7 "IF STMT " 
1 10156 1 "SIMPLE ASSIGN STMT " 
1 157 1 "EWDAX" 
1 10002 1 "BLOCK HEADER  " 
1 10003 1 "QUIT          " 
1 159 1 "EUSYSH" 
1 15 2 "=" 
1 30 1 "INTEGER" 
1 34 7 "EFMX" 
1 37 4 "ECONST" 
1 10036 1 "TY_ASGNODBFLD " 
1 195 1 "RETVAL" 
1 10047 2 "RUN           " 
1 58 1 "RETRY" 
2 10079 1 "TY_BRE        " 
2 10135 1 "EXPRESSN STMT " 
2 152 2 "ELIT" 
2 157 1 "EWDAX" 
2 37 1 "ECONST" 
2 10047 1 "RUN           " 
3 152 1 "ELIT" 
3 10009 1 "MESSAGE       " 
4 10155 1 "IF STMT " 
4 34 2 "EFMX" 
4 10036 1 "TY_ASGNODBFLD " 
.
1    0.0    6.0    1.0    2.0    1.0    2.0    2.0    2.0    2.0    0.0    0.0    0.0    0.0    0.0    0.0    0.0    0.0    0.0  1424.0  1920.0  4288.0  430.0    0.0    0.0  
2    0.0    0.0    0.0    0.0    0.0    0.0    0.0    0.0    0.0    0.0    0.0    0.0    0.0    0.0    0.0    0.0    0.0    0.0  456.0  120.0  368.0   28.0    0.0    0.0  
3    0.0    0.0    0.0    0.0    0.0    0.0    0.0    0.0    0.0    0.0    0.0    0.0    0.0    0.0    0.0    0.0    0.0    0.0  456.0   32.0  312.0   10.0    0.0    0.0  
4    0.0    0.0    0.0    0.0    0.0    0.0    0.0    0.0    0.0    0.0    0.0    0.0    0.0    1.0    0.0    0.0    0.0    0.0    0.0    0.0  688.0    0.0    0.0    0.0  
.
0 5 0 0 
1  1  
2  1  
3  1  
4  1  
.
0 0 "-pf /opt/dlc-12.2/startup.pf,-cpinternal UTF-8,-cpstream UTF-8,-cpcoll Basic,-cpcase Basic,-d dmy,-numsep 32,-numdec 46,(end .pf),-b,-q,-profile /tmp/prof11014976.pf,-p /tmp/pctinit153732370.p" 
.
0 0 0 0 1 0.005348 1
1 0 1 0 1 0.005348 2 4
2 1 2 25 1 0.000113 3
3 2 3 3 1 0.000031
4 1 4 36 1 0.000017
.
0.538042 "User data in profiler"
.
