1 09/10/2021 "Default description" 17:00:27 "gquerret"
.
1 "/tmp/pctinit26679292.p" "" 48949 0 ""
4 "returnValue /tmp/pctinit26679292.p" "" 0 38 ""
3 "test2.p" "" 11619 0 ""
2 "test.p" "" 20667 0 ""
.
0 0 1 1
2 3 3 1
1 25 2 1
1 36 4 1
.
0 0 1 0.000000 0.003155
1 0 1 0.001522 0.003155
2 3 1 0.000107 0.000171
2 0 1 0.000009 0.000198
3 1 1 0.000043 0.000043
3 0 1 0.000021 0.000064
2 1 1 0.000016 0.000016
4 0 1 0.000015 0.001125
2 5 1 0.000002 0.000002
1 13 1 0.000007 0.000007
1 12 1 0.000062 0.000062
1 15 1 0.000002 0.000002
1 14 1 0.000002 0.000002
1 17 1 0.000002 0.000002
1 18 1 0.000001 0.000001
1 25 1 0.000216 0.000414
1 24 1 0.000002 0.000002
1 33 1 0.000004 0.000004
1 32 1 0.000001 0.000001
1 35 1 0.000001 0.000001
1 34 1 0.000002 0.000002
1 37 1 0.000001 0.000001
1 36 1 0.000007 0.001132
4 44 1 0.000002 0.000002
4 40 1 0.000026 0.000026
4 41 1 0.001062 0.001062
4 42 1 0.000007 0.000007
4 43 1 0.000013 0.000013
.
.
.
0.749720 "User data in profiler"
.
