3 10/25/2019 "Default description" 08:01:26 "" {"StmtCnt":128,"DataPts":280,"NumWrites":0,"TotTime":0.032939,"BufferSize":61440,"Directory":"Z:\jenkins-public\Windows-Node2\workspace\PCT_Test121@3\testbox\PCTLoadSchema\test5\","Propath":"","Propath":"C:\Windows\TEMP\pct102399518.pl,.,Z:\Progress\OpenEdge-12.1\tty,Z:\Progress\OpenEdge-12.1\tty\ablunit.pl,Z:\Progress\OpenEdge-12.1\tty\adecomm.pl,Z:\Progress\OpenEdge-12.1\tty\adecomp.pl,Z:\Progress\OpenEdge-12.1\tty\adeedit.pl,Z:\Progress\OpenEdge-12.1\tty\adeshar.pl,Z:\Progress\OpenEdge-12.1\tty\dataadmin.pl,Z:\Progress\OpenEdge-12.1\tty\OpenEdge.BusinessLogic.pl,Z:\Progress\OpenEdge-12.1\tty\OpenEdge.Core.pl,Z:\Progress\OpenEdge-12.1\tty\OpenEdge.ServerAdmin.pl,Z:\Progress\OpenEdge-12.1\tty\prodict.pl,Z:\Progress\OpenEdge-12.1,Z:\Progress\OpenEdge-12.1\bin"}
.
10 "LoadOptions rssw.pct.LoadOptions rssw.pct.LoadOptions" "" 0 26 ""
9 "rssw.pct.LoadOptions" "" 3808 0 ""
8 "OpenEdge.DataAdmin.Binding.DataDefinitionOptions" "" 14323 0 ""
1 "C:\Windows\TEMP\pctinit242653513.p" "" 58513 0 ""
4 "rssw.pct.AbstractLoadLogger" "" 32700 0 ""
5 "rssw.pct.LoadLogger" "" 5186 0 ""
6 "LoadLogger rssw.pct.LoadLogger rssw.pct.LoadLogger" "" 0 29 ""
7 "AbstractLoadLogger rssw.pct.AbstractLoadLogger" "" 0 0 ""
13 "returnValue C:\Windows\TEMP\pctinit242653513.p" "" 0 55 ""
11 "DataDefinitionOptions OpenEdge.DataAdmin.Binding.DataDefinitionOptions rssw.pct.LoadOptions" "" 0 75 ""
2 "pct/v12/loadSch.p" "" 22282 0 ""
3 "getParameter C:\Windows\TEMP\pctinit242653513.p" "" 0 7 ""
12 "AddError rssw.pct.LoadLogger rssw.pct.LoadLogger" "" 0 50 ""
.
0 0 1 1
10 27 11 1
6 30 7 1
1 42 2 1
2 44 3 7
1 53 13 1
2 98 4 1
2 98 5 1
2 98 6 1
2 99 9 1
2 99 8 1
2 99 10 1
2 115 12 2
.
2 131 1 0.000002 0.000002
2 128 1 0.000002 0.000002
2 134 1 0.000000 0.000000
2 132 1 0.000002 0.000002
2 133 1 0.000001 0.000001
2 136 1 0.000000 0.000000
2 137 1 0.000015 0.000492
2 142 1 0.000001 0.000001
2 143 1 0.000025 0.000025
2 145 1 0.000002 0.000002
2 150 1 0.000001 0.000001
2 148 1 0.000001 0.000001
2 167 1 0.000001 0.000001
2 164 1 0.000002 0.000002
0 0 1 0.000000 0.032939
1 0 1 0.005178 0.032939
2 0 1 0.000049 0.009209
3 0 7 0.000043 0.000114
4 0 1 0.000022 0.000022
5 0 1 0.000010 0.000010
6 0 1 0.000004 0.000021
7 0 1 0.000000 0.000000
8 0 1 0.000009 0.000009
9 0 1 0.000005 0.000005
3 10 7 0.000003 0.000003
10 0 1 0.000004 0.000042
3 9 7 0.000015 0.000015
11 0 1 0.000008 0.000023
3 8 7 0.000053 0.000053
12 0 2 0.000013 0.000070
1 13 1 0.017604 0.017604
13 0 1 0.000005 0.000012
1 12 1 0.000013 0.000013
1 14 1 0.000018 0.000018
10 27 1 0.000014 0.000037
10 28 1 0.000001 0.000001
1 23 1 0.000005 0.000005
1 22 1 0.000214 0.000214
6 30 2 0.000016 0.000016
1 25 1 0.000001 0.000001
6 31 1 0.000001 0.000001
1 24 1 0.000001 0.000001
1 27 1 0.000001 0.000001
1 26 1 0.000001 0.000001
1 29 1 0.000001 0.000001
1 28 1 0.000001 0.000001
1 31 1 0.000002 0.000002
1 30 1 0.000013 0.000013
1 32 1 0.000000 0.000000
1 35 1 0.000004 0.000004
1 34 1 0.000001 0.000001
1 41 1 0.000002 0.000002
1 42 1 0.000632 0.009841
2 44 1 0.000062 0.000176
1 49 1 0.000000 0.000000
12 60 2 0.000001 0.000001
1 51 1 0.000002 0.000002
1 50 1 0.000003 0.000003
1 53 1 0.000007 0.000019
13 57 1 0.000004 0.000004
12 56 2 0.000009 0.000009
1 52 1 0.000001 0.000001
12 57 2 0.000017 0.000017
2 55 1 0.000001 0.000001
13 59 1 0.000000 0.000000
12 58 2 0.000019 0.000019
2 52 1 0.000002 0.000002
1 54 1 0.000001 0.000001
13 58 1 0.000003 0.000003
12 52 2 0.000011 0.000011
2 59 1 0.000006 0.000006
2 63 1 0.000001 0.000001
11 78 1 0.000000 0.000000
11 77 1 0.000003 0.000003
11 76 1 0.000012 0.000012
2 82 1 0.000001 0.000001
2 87 1 0.000002 0.000002
2 85 1 0.000079 0.000079
2 91 1 0.007268 0.007268
2 88 1 0.000026 0.000026
2 92 1 0.000007 0.000007
2 98 1 0.000335 0.000388
2 99 1 0.000305 0.000361
2 96 1 0.000035 0.000035
2 100 1 0.000006 0.000006
2 104 1 0.000002 0.000002
2 114 1 0.000001 0.000001
2 115 1 0.000198 0.000268
2 112 1 0.000002 0.000002
2 116 1 0.000003 0.000003
2 122 1 0.000003 0.000003
2 123 1 0.000021 0.000021
2 121 1 0.000211 0.000211
2 126 1 0.000006 0.000006
2 127 1 0.000000 0.000000
2 124 1 0.000216 0.000216
2 125 1 0.000013 0.000013
1 -2 1 0.000012 0.000012
.
.
9 "LoadOptions" 2
27
28
.
9 "LoadOptions" 2
31
32
.
8 "propGet_AddObjectsOnline" 4
43
44
45
46
.
8 "propSet_AddObjectsOnline" 7
48
49
50
51
53
54
55
.
8 "propGet_IsLogger" 2
68
69
.
8 "DataDefinitionOptions" 3
76
77
78
.
8 "DataDefinitionOptions" 2
81
82
.
1 "getParameter" 3
8
9
10
.
1 "returnValue" 3
57
58
59
.
1 "writeOutputParam" 5
63
64
65
66
67
.
1 "" 42
12
13
14
15
16
17
18
19
20
21
22
23
24
25
26
27
28
29
30
31
32
34
35
36
37
38
39
40
41
42
43
44
45
46
47
48
49
50
51
52
53
54
.
4 "CurrentTableAttributes" 1
31
.
4 "AddError" 1
35
.
4 "AddError" 1
39
.
4 "AddPhase2Error" 1
43
.
4 "AddWarning" 1
47
.
4 "AddTable" 1
51
.
4 "AddSequence" 1
55
.
4 "AddIndex" 1
59
.
4 "AddIndex" 1
63
.
4 "AddField" 1
67
.
4 "IsNewTable" 2
70
71
.
4 "RenameTable" 1
75
.
4 "RenameField" 1
79
.
4 "RenameIndex" 1
83
.
4 "RenameSequence" 1
87
.
4 "TableOldName" 1
91
.
4 "FieldOldName" 1
95
.
4 "IndexOldName" 1
99
.
4 "SequenceOldName" 1
103
.
4 "FieldNewName" 1
107
.
4 "IndexNewName" 1
111
.
4 "TableNewName" 1
115
.
4 "SequenceNewName" 1
119
.
4 "RemoveWarning" 2
122
123
.
4 "RemoveError" 2
126
127
.
4 "RemoveErrorMessages" 2
130
131
.
4 "RemoveWarningMessages" 2
134
135
.
5 "LoadLogger" 2
30
31
.
5 "getErrors" 2
34
35
.
5 "getWarnings" 2
38
39
.
5 "AddError" 4
44
45
46
48
.
5 "AddError" 8
52
53
54
55
56
57
58
60
.
5 "AddPhase2Error" 4
63
64
65
66
.
5 "AddWarning" 4
69
70
71
72
.
2 "" 89
44
52
53
54
55
56
57
59
60
63
64
65
66
67
70
71
72
73
74
75
77
78
79
80
82
83
85
87
88
91
92
93
94
96
98
99
100
104
105
106
110
112
113
114
115
116
117
119
121
122
123
124
125
126
127
128
129
131
132
133
134
136
137
140
141
142
143
145
146
148
149
150
151
152
153
154
155
156
157
158
159
160
161
162
163
164
165
167
168
.
.
0 0 0 0 1 0.032939 1
1 0 1 0 1 0.032939 2 13
2 1 2 42 1 0.009209 3 4 5 6 8 9 10 12
3 2 3 44 7 0.000114
4 2 4 98 1 0.000022
5 2 5 98 1 0.000010
6 2 6 98 1 0.000021 7
7 6 7 30 1 0.000000
8 2 8 99 1 0.000009
9 2 9 99 1 0.000005
10 2 10 99 1 0.000042 11
11 10 11 27 1 0.000023
12 2 12 115 2 0.000070
13 1 13 53 1 0.000012
.
.
