3 09/10/2021 "Default description" 16:59:51 "" {"StmtCnt":25,"DataPts":60,"NumWrites":0,"TotTime":0.005277,"BufferSize":61440,"Directory":"/home/gquerret/dev/pct/testbox/PCTRun/test49/","Propath":"/tmp/pct146103326.pl,,/opt/dlc-12.2/tty,/opt/dlc-12.2/tty/OpenEdge.Core.pl,/opt/dlc-12.2/tty/dataadmin.pl,/opt/dlc-12.2/tty/ablunit.pl,/opt/dlc-12.2/tty/adeshar.pl,/opt/dlc-12.2/tty/adeedit.pl,/opt/dlc-12.2/tty/adecomm.pl,/opt/dlc-12.2/tty/prodict.pl,/opt/dlc-12.2/tty/adecomp.pl,/opt/dlc-12.2,/opt/dlc-12.2/bin"}
.
2 "test.p" "" 20667 0 ""
4 "returnValue /tmp/pctinit222536277.p" "" 0 38 ""
1 "/tmp/pctinit222536277.p" "" 52668 0 ""
3 "test2.p" "" 11619 0 ""
.
0 0 1 1
2 3 3 1
1 25 2 1
1 36 4 1
.
0 0 1 0.000000 0.005277
1 0 1 0.004812 0.005277
2 3 1 0.000076 0.000108
2 0 1 0.000009 0.000128
3 1 1 0.000017 0.000017
3 0 1 0.000015 0.000032
2 1 1 0.000009 0.000009
4 0 1 0.000008 0.000016
2 5 1 0.000002 0.000002
1 13 1 0.000010 0.000010
1 12 1 0.000041 0.000041
1 15 1 0.000002 0.000002
1 14 1 0.000002 0.000002
1 17 1 0.000003 0.000003
1 18 1 0.000001 0.000001
1 25 1 0.000245 0.000373
1 24 1 0.000002 0.000002
1 33 1 0.000003 0.000003
1 32 1 0.000000 0.000000
1 35 1 0.000002 0.000002
1 34 1 0.000002 0.000002
1 37 1 0.000001 0.000001
1 36 1 0.000007 0.000023
4 40 1 0.000003 0.000003
4 41 1 0.000004 0.000004
4 42 1 0.000001 0.000001
.
.
2 "" 3
1
3
5
.
1 "getParameter" 3
8
9
10
.
1 "returnValue" 3
40
41
42
.
1 "writeOutputParam" 5
46
47
48
49
50
.
1 "" 25
12
13
14
15
17
18
19
20
21
22
23
24
25
26
27
28
29
30
31
32
33
34
35
36
37
.
3 "" 1
1
.
.
0 0 0 0 1 0.005277 1
1 0 1 0 1 0.005277 2 4
2 1 2 25 1 0.000128 3
3 2 3 3 1 0.000032
4 1 4 36 1 0.000016
.
0.508202 "User data in profiler"
.
