1 09/10/2021 "Default description" 17:00:27 "gquerret"
.
1 "/tmp/pctinit93068636.p" "" 36466 0 ""
4 "returnValue /tmp/pctinit93068636.p" "" 0 38 ""
3 "test2.p" "" 11619 0 ""
2 "test.p" "" 20667 0 ""
.
0 0 1 1
2 3 3 1
1 25 2 1
1 36 4 1
.
0 0 1 0.000000 0.003568
1 0 1 0.001524 0.003568
2 3 1 0.000110 0.000168
2 0 1 0.000009 0.000194
3 1 1 0.000039 0.000039
3 0 1 0.000019 0.000058
2 1 1 0.000015 0.000015
4 0 1 0.000015 0.001546
2 5 1 0.000002 0.000002
1 13 1 0.000006 0.000006
1 12 1 0.000059 0.000059
1 15 1 0.000002 0.000002
1 14 1 0.000003 0.000003
1 17 1 0.000002 0.000002
1 18 1 0.000001 0.000001
1 25 1 0.000214 0.000408
1 24 1 0.000002 0.000002
1 33 1 0.000003 0.000003
1 32 1 0.000001 0.000001
1 35 1 0.000001 0.000001
1 34 1 0.000002 0.000002
1 37 1 0.000001 0.000001
1 36 1 0.000007 0.001553
4 44 1 0.000002 0.000002
4 40 1 0.000025 0.000025
4 41 1 0.001479 0.001479
4 42 1 0.000009 0.000009
4 43 1 0.000016 0.000016
.
.
1 "getParameter" 3
8
9
10
.
1 "returnValue" 5
40
41
42
43
44
.
1 "writeOutputParam" 5
48
49
50
51
52
.
1 "" 25
12
13
14
15
17
18
19
20
21
22
23
24
25
26
27
28
29
30
31
32
33
34
35
36
37
.
3 "" 1
1
.
2 "" 3
1
3
5
.
.
0.783925 "User data in profiler"
.
