3 09/10/2021 "Default description" 16:59:51 "" {"StmtCnt":25,"DataPts":54,"NumWrites":0,"TotTime":0.005130,"BufferSize":61440,"Directory":"/home/gquerret/dev/pct/testbox/PCTRun/test49/","Propath":"/tmp/pct170194097.pl,,/opt/dlc-12.2/tty,/opt/dlc-12.2/tty/OpenEdge.Core.pl,/opt/dlc-12.2/tty/dataadmin.pl,/opt/dlc-12.2/tty/ablunit.pl,/opt/dlc-12.2/tty/adeshar.pl,/opt/dlc-12.2/tty/adeedit.pl,/opt/dlc-12.2/tty/adecomm.pl,/opt/dlc-12.2/tty/prodict.pl,/opt/dlc-12.2/tty/adecomp.pl,/opt/dlc-12.2,/opt/dlc-12.2/bin"}
.
2 "test.p" "" 20667 0 ""
4 "returnValue /tmp/pctinit65537398.p" "" 0 38 ""
1 "/tmp/pctinit65537398.p" "" 28189 0 ""
3 "test2.p" "" 11619 0 ""
.
0 0 1 1
2 3 3 1
1 25 2 1
1 36 4 1
.
0 0 1 0.000000 0.005130
1 0 1 0.004719 0.005130
2 3 1 0.000061 0.000093
2 0 1 0.000008 0.000112
3 1 1 0.000016 0.000016
3 0 1 0.000016 0.000032
2 1 1 0.000009 0.000009
4 0 1 0.000010 0.000017
2 5 1 0.000002 0.000002
1 13 1 0.000010 0.000010
1 12 1 0.000038 0.000038
1 15 1 0.000001 0.000001
1 14 1 0.000002 0.000002
1 17 1 0.000002 0.000002
1 18 1 0.000002 0.000002
1 25 1 0.000212 0.000324
1 24 1 0.000001 0.000001
1 33 1 0.000002 0.000002
1 32 1 0.000001 0.000001
1 35 1 0.000002 0.000002
1 34 1 0.000002 0.000002
1 37 1 0.000001 0.000001
1 36 1 0.000006 0.000023
4 40 1 0.000002 0.000002
4 41 1 0.000004 0.000004
4 42 1 0.000001 0.000001
.
1 12 0.000038 0.567987
1 13 0.000010 0.568025
1 14 0.000002 0.568036
1 15 0.000001 0.568039
1 17 0.000002 0.568041
1 18 0.000002 0.568043
1 24 0.000001 0.568046
2 1 0.000009 0.568263
3 1 0.000016 0.568384
3 0 0.000016 0.568380
2 3 0.000061 0.568321
2 5 0.000002 0.568415
2 0 0.000008 0.568259
1 25 0.000212 0.568048
1 32 0.000001 0.568421
1 33 0.000002 0.568423
1 34 0.000002 0.568431
1 35 0.000002 0.568433
4 40 0.000002 0.568446
4 41 0.000004 0.568449
4 42 0.000001 0.568453
4 0 0.000010 0.568440
1 36 0.000006 0.568435
1 37 0.000001 0.568459
1 0 0.004719 0.563294
.
.
0 0 0 0 1 0.005130 1
1 0 1 0 1 0.005130 2 4
2 1 2 25 1 0.000112 3
3 2 3 3 1 0.000032
4 1 4 36 1 0.000017
.
0.568316 "User data in profiler"
.
